


====================================================================================================

  (Run Starting)

  ÔöîÔöÇÔöÇÔöÇÔöÇÔöÇÔöÇÔöÇÔöÇÔöÇÔöÇÔöÇÔöÇÔöÇÔöÇÔöÇÔöÇÔöÇÔöÇÔöÇÔöÇÔöÇÔöÇÔöÇÔöÇÔöÇÔöÇÔöÇÔöÇÔöÇÔöÇÔöÇÔöÇÔöÇÔöÇÔöÇÔöÇÔöÇÔöÇÔöÇÔöÇÔöÇÔöÇÔöÇÔöÇÔöÇÔöÇÔöÇÔöÇÔöÇÔöÇÔöÇÔöÇÔöÇÔöÇÔöÇÔöÇÔöÇÔöÇÔöÇÔöÇÔöÇÔöÇÔöÇÔöÇÔöÇÔöÇÔöÇÔöÇÔöÇÔöÇÔöÇÔöÇÔöÇÔöÇÔöÇÔöÇÔöÇÔöÇÔöÇÔöÇÔöÇÔöÇÔöÇÔöÇÔöÇÔöÇÔöÇÔöÇÔöÇÔöÇÔöÇÔöÇÔöÇÔöÇÔöÇÔöÇÔöÉ
  Ôöé Cypress:        12.14.0                                                                        Ôöé
  Ôöé Browser:        Chrome 114 (headless)                                                          Ôöé
  Ôöé Node Version:   v18.14.0 (C:\Program Files\nodejs\node.exe)                                    Ôöé
  Ôöé Specs:          1 found (fixture.cy.js)                                                        Ôöé
  Ôöé Searched:       C:\Users\finkr\Desktop\mini-tests\cypress\e2e\fixture.cy.js                    Ôöé
  ÔööÔöÇÔöÇÔöÇÔöÇÔöÇÔöÇÔöÇÔöÇÔöÇÔöÇÔöÇÔöÇÔöÇÔöÇÔöÇÔöÇÔöÇÔöÇÔöÇÔöÇÔöÇÔöÇÔöÇÔöÇÔöÇÔöÇÔöÇÔöÇÔöÇÔöÇÔöÇÔöÇÔöÇÔöÇÔöÇÔöÇÔöÇÔöÇÔöÇÔöÇÔöÇÔöÇÔöÇÔöÇÔöÇÔöÇÔöÇÔöÇÔöÇÔöÇÔöÇÔöÇÔöÇÔöÇÔöÇÔöÇÔöÇÔöÇÔöÇÔöÇÔöÇÔöÇÔöÇÔöÇÔöÇÔöÇÔöÇÔöÇÔöÇÔöÇÔöÇÔöÇÔöÇÔöÇÔöÇÔöÇÔöÇÔöÇÔöÇÔöÇÔöÇÔöÇÔöÇÔöÇÔöÇÔöÇÔöÇÔöÇÔöÇÔöÇÔöÇÔöÇÔöÇÔöÇÔöÇÔöÇÔöÿ


ÔöÇÔöÇÔöÇÔöÇÔöÇÔöÇÔöÇÔöÇÔöÇÔöÇÔöÇÔöÇÔöÇÔöÇÔöÇÔöÇÔöÇÔöÇÔöÇÔöÇÔöÇÔöÇÔöÇÔöÇÔöÇÔöÇÔöÇÔöÇÔöÇÔöÇÔöÇÔöÇÔöÇÔöÇÔöÇÔöÇÔöÇÔöÇÔöÇÔöÇÔöÇÔöÇÔöÇÔöÇÔöÇÔöÇÔöÇÔöÇÔöÇÔöÇÔöÇÔöÇÔöÇÔöÇÔöÇÔöÇÔöÇÔöÇÔöÇÔöÇÔöÇÔöÇÔöÇÔöÇÔöÇÔöÇÔöÇÔöÇÔöÇÔöÇÔöÇÔöÇÔöÇÔöÇÔöÇÔöÇÔöÇÔöÇÔöÇÔöÇÔöÇÔöÇÔöÇÔöÇÔöÇÔöÇÔöÇÔöÇÔöÇÔöÇÔöÇÔöÇÔöÇÔöÇÔöÇÔöÇÔöÇÔöÇÔöÇÔöÇ
                                                                                                    
  Running:  fixture.cy.js                                                                   (1 of 1)

Oops...we found an error preparing this test file:

  > cypress\e2e\fixture.cy.js

The error was:

Error: Webpack Compilation Error
./cypress/e2e/fixture.cy.js
Module not found: Error: Can't resolve './../fixtures/checkout' in 'C:\Users\finkr\Desktop\mini-tests\cypress\e2e'
Looked for and couldn't find the file at the following paths:
[C:\Users\finkr\Desktop\mini-tests\cypress\fixtures\checkout]
[C:\Users\finkr\Desktop\mini-tests\cypress\fixtures\checkout.js]
[C:\Users\finkr\Desktop\mini-tests\cypress\fixtures\checkout.json]
[C:\Users\finkr\Desktop\mini-tests\cypress\fixtures\checkout.jsx]
[C:\Users\finkr\Desktop\mini-tests\cypress\fixtures\checkout.mjs]
[C:\Users\finkr\Desktop\mini-tests\cypress\fixtures\checkout.coffee]
 @ ./cypress/e2e/fixture.cy.js 4:39-72
 
    at handle (C:\Users\finkr\AppData\Local\Cypress\Cache\12.14.0\Cypress\resources\app\node_modules\@packages\server\node_modules\@cypress\webpack-preprocessor\dist\index.js:212:23)
    at finalCallback (C:\Users\finkr\AppData\Local\Cypress\Cache\12.14.0\Cypress\resources\app\node_modules\webpack\lib\Compiler.js:257:39)
    at C:\Users\finkr\AppData\Local\Cypress\Cache\12.14.0\Cypress\resources\app\node_modules\webpack\lib\Compiler.js:306:14
    at AsyncSeriesHook.eval [as callAsync] (eval at create (C:\Users\finkr\AppData\Local\Cypress\Cache\12.14.0\Cypress\resources\app\node_modules\tapable\lib\HookCodeFactory.js:33:10), <anonymous>:6:1)
    at AsyncSeriesHook.lazyCompileHook (C:\Users\finkr\AppData\Local\Cypress\Cache\12.14.0\Cypress\resources\app\node_modules\tapable\lib\Hook.js:154:20)
    at C:\Users\finkr\AppData\Local\Cypress\Cache\12.14.0\Cypress\resources\app\node_modules\webpack\lib\Compiler.js:304:22
    at Compiler.emitRecords (C:\Users\finkr\AppData\Local\Cypress\Cache\12.14.0\Cypress\resources\app\node_modules\webpack\lib\Compiler.js:499:39)
    at C:\Users\finkr\AppData\Local\Cypress\Cache\12.14.0\Cypress\resources\app\node_modules\webpack\lib\Compiler.js:298:10
    at C:\Users\finkr\AppData\Local\Cypress\Cache\12.14.0\Cypress\resources\app\node_modules\webpack\lib\Compiler.js:485:14
    at AsyncSeriesHook.eval [as callAsync] (eval at create (C:\Users\finkr\AppData\Local\Cypress\Cache\12.14.0\Cypress\resources\app\node_modules\tapable\lib\HookCodeFactory.js:33:10), <anonymous>:6:1)
    at AsyncSeriesHook.lazyCompileHook (C:\Users\finkr\AppData\Local\Cypress\Cache\12.14.0\Cypress\resources\app\node_modules\tapable\lib\Hook.js:154:20)
    at C:\Users\finkr\AppData\Local\Cypress\Cache\12.14.0\Cypress\resources\app\node_modules\webpack\lib\Compiler.js:482:27
    at C:\Users\finkr\AppData\Local\Cypress\Cache\12.14.0\Cypress\resources\app\node_modules\neo-async\async.js:2818:7
    at done (C:\Users\finkr\AppData\Local\Cypress\Cache\12.14.0\Cypress\resources\app\node_modules\neo-async\async.js:3522:9)
    at AsyncSeriesHook.eval [as callAsync] (eval at create (C:\Users\finkr\AppData\Local\Cypress\Cache\12.14.0\Cypress\resources\app\node_modules\tapable\lib\HookCodeFactory.js:33:10), <anonymous>:6:1)
    at AsyncSeriesHook.lazyCompileHook (C:\Users\finkr\AppData\Local\Cypress\Cache\12.14.0\Cypress\resources\app\node_modules\tapable\lib\Hook.js:154:20)
    at C:\Users\finkr\AppData\Local\Cypress\Cache\12.14.0\Cypress\resources\app\node_modules\webpack\lib\Compiler.js:464:33
    at C:\Users\finkr\AppData\Local\Cypress\Cache\12.14.0\Cypress\resources\app\node_modules\@packages\server\node_modules\graceful-fs\graceful-fs.js:143:16
    at C:\Users\finkr\AppData\Local\Cypress\Cache\12.14.0\Cypress\resources\app\node_modules\@packages\server\node_modules\graceful-fs\graceful-fs.js:143:16
    at C:\Users\finkr\AppData\Local\Cypress\Cache\12.14.0\Cypress\resources\app\node_modules\@packages\server\node_modules\graceful-fs\graceful-fs.js:61:14
    at FSReqCallback.oncomplete (node:fs:197:23)

This occurred while Cypress was compiling and bundling your test code. This is usually caused by:

- A missing file or dependency
- A syntax error in the file or one of its dependencies

Fix the error in your code and re-run your tests.

  (Results)

  ÔöîÔöÇÔöÇÔöÇÔöÇÔöÇÔöÇÔöÇÔöÇÔöÇÔöÇÔöÇÔöÇÔöÇÔöÇÔöÇÔöÇÔöÇÔöÇÔöÇÔöÇÔöÇÔöÇÔöÇÔöÇÔöÇÔöÇÔöÇÔöÇÔöÇÔöÇÔöÇÔöÇÔöÇÔöÇÔöÇÔöÇÔöÇÔöÇÔöÇÔöÇÔöÇÔöÇÔöÇÔöÇÔöÇÔöÇÔöÇÔöÇÔöÇÔöÇÔöÇÔöÇÔöÇÔöÇÔöÇÔöÇÔöÇÔöÇÔöÇÔöÇÔöÇÔöÇÔöÇÔöÇÔöÇÔöÇÔöÇÔöÇÔöÇÔöÇÔöÇÔöÇÔöÇÔöÇÔöÇÔöÇÔöÇÔöÇÔöÇÔöÇÔöÇÔöÇÔöÇÔöÇÔöÇÔöÇÔöÇÔöÇÔöÇÔöÇÔöÇÔöÇÔöÇÔöÇÔöÇÔöÇÔöÉ
  Ôöé Tests:        0                                                                                Ôöé
  Ôöé Passing:      0                                                                                Ôöé
  Ôöé Failing:      1                                                                                Ôöé
  Ôöé Pending:      0                                                                                Ôöé
  Ôöé Skipped:      0                                                                                Ôöé
  Ôöé Screenshots:  0                                                                                Ôöé
  Ôöé Video:        true                                                                             Ôöé
  Ôöé Duration:     0 seconds                                                                        Ôöé
  Ôöé Spec Ran:     fixture.cy.js                                                                    Ôöé
  ÔööÔöÇÔöÇÔöÇÔöÇÔöÇÔöÇÔöÇÔöÇÔöÇÔöÇÔöÇÔöÇÔöÇÔöÇÔöÇÔöÇÔöÇÔöÇÔöÇÔöÇÔöÇÔöÇÔöÇÔöÇÔöÇÔöÇÔöÇÔöÇÔöÇÔöÇÔöÇÔöÇÔöÇÔöÇÔöÇÔöÇÔöÇÔöÇÔöÇÔöÇÔöÇÔöÇÔöÇÔöÇÔöÇÔöÇÔöÇÔöÇÔöÇÔöÇÔöÇÔöÇÔöÇÔöÇÔöÇÔöÇÔöÇÔöÇÔöÇÔöÇÔöÇÔöÇÔöÇÔöÇÔöÇÔöÇÔöÇÔöÇÔöÇÔöÇÔöÇÔöÇÔöÇÔöÇÔöÇÔöÇÔöÇÔöÇÔöÇÔöÇÔöÇÔöÇÔöÇÔöÇÔöÇÔöÇÔöÇÔöÇÔöÇÔöÇÔöÇÔöÇÔöÇÔöÇÔöÇÔöÇÔöÿ


  (Video)

  -  Started compressing: Compressing to 32 CRF                                                     
  -  Finished compressing: 0 seconds                                                 

  -  Video output: C:\Users\finkr\Desktop\mini-tests\cypress\videos\fixture.cy.js.mp4


====================================================================================================

  (Run Finished)


       Spec                                              Tests  Passing  Failing  Pending  Skipped  
  ÔöîÔöÇÔöÇÔöÇÔöÇÔöÇÔöÇÔöÇÔöÇÔöÇÔöÇÔöÇÔöÇÔöÇÔöÇÔöÇÔöÇÔöÇÔöÇÔöÇÔöÇÔöÇÔöÇÔöÇÔöÇÔöÇÔöÇÔöÇÔöÇÔöÇÔöÇÔöÇÔöÇÔöÇÔöÇÔöÇÔöÇÔöÇÔöÇÔöÇÔöÇÔöÇÔöÇÔöÇÔöÇÔöÇÔöÇÔöÇÔöÇÔöÇÔöÇÔöÇÔöÇÔöÇÔöÇÔöÇÔöÇÔöÇÔöÇÔöÇÔöÇÔöÇÔöÇÔöÇÔöÇÔöÇÔöÇÔöÇÔöÇÔöÇÔöÇÔöÇÔöÇÔöÇÔöÇÔöÇÔöÇÔöÇÔöÇÔöÇÔöÇÔöÇÔöÇÔöÇÔöÇÔöÇÔöÇÔöÇÔöÇÔöÇÔöÇÔöÇÔöÇÔöÇÔöÇÔöÇÔöÇÔöÉ
  Ôöé ├ù  fixture.cy.js                              0ms        -        -        1        -        - Ôöé
  ÔööÔöÇÔöÇÔöÇÔöÇÔöÇÔöÇÔöÇÔöÇÔöÇÔöÇÔöÇÔöÇÔöÇÔöÇÔöÇÔöÇÔöÇÔöÇÔöÇÔöÇÔöÇÔöÇÔöÇÔöÇÔöÇÔöÇÔöÇÔöÇÔöÇÔöÇÔöÇÔöÇÔöÇÔöÇÔöÇÔöÇÔöÇÔöÇÔöÇÔöÇÔöÇÔöÇÔöÇÔöÇÔöÇÔöÇÔöÇÔöÇÔöÇÔöÇÔöÇÔöÇÔöÇÔöÇÔöÇÔöÇÔöÇÔöÇÔöÇÔöÇÔöÇÔöÇÔöÇÔöÇÔöÇÔöÇÔöÇÔöÇÔöÇÔöÇÔöÇÔöÇÔöÇÔöÇÔöÇÔöÇÔöÇÔöÇÔöÇÔöÇÔöÇÔöÇÔöÇÔöÇÔöÇÔöÇÔöÇÔöÇÔöÇÔöÇÔöÇÔöÇÔöÇÔöÇÔöÇÔöÇÔöÿ
    ├ù  1 of 1 failed (100%)                       0ms        -        -        1        -        -  

